* src/models/WeightLoader.ref

$EXTERN TLoad, TFree;
$EXTERN Prout, TString;

$ENTRY LoadQwenWeights {
  e.BasePath s.NumLayers
    = <Prout 'Loading Embeddings...'>
      <TLoad <Cat e.BasePath '/model.embed_tokens.weight.pt'>> : s.Embed
      
    = <Prout 'Loading Final Norm...'>
      <TLoad <Cat e.BasePath '/model.norm.weight.pt'>> : s.FinalNorm
      
    = <Prout 'Tying Weights (LM Head = Embedding)...'>
      * Qwen3 Ties Weights: Reuse Embed Tensor ID
      = s.Embed : s.LMHead
      
    = <Prout 'Loading ' s.NumLayers ' Layers...'>
      <LoadLayers e.BasePath 0 s.NumLayers> : e.Layers
      
    = (e.Layers) (s.Embed s.FinalNorm s.LMHead);
}

LoadLayers {
  e.BasePath s.Idx s.Max, <Compare s.Idx s.Max> : '+' = ;
  e.BasePath s.Idx s.Max
    = <Prout '  Layer ' s.Idx '...'>
      <LoadOneBlock e.BasePath s.Idx> : t.Block
      <LoadLayers e.BasePath <Add s.Idx 1> s.Max> : e.Rest
    = t.Block e.Rest;
}

LoadOneBlock {
  e.Base s.Idx
    * Block Norms
    = <TLoad <WeightPath e.Base s.Idx 'input_layernorm'>> : s.InNorm
    = <TLoad <WeightPath e.Base s.Idx 'post_attention_layernorm'>> : s.PostNorm
    
    * Attention Projections (No Bias files loaded!)
    = <TLoad <WeightPath e.Base s.Idx 'self_attn.q_proj'>> : s.WQ
    = <TLoad <WeightPath e.Base s.Idx 'self_attn.k_proj'>> : s.WK
    = <TLoad <WeightPath e.Base s.Idx 'self_attn.v_proj'>> : s.WV
    = <TLoad <WeightPath e.Base s.Idx 'self_attn.o_proj'>> : s.WO
    
    * QK-NORM Weights (CRITICAL)
    = <TLoad <WeightPath e.Base s.Idx 'self_attn.q_norm'>> : s.QNorm
    = <TLoad <WeightPath e.Base s.Idx 'self_attn.k_norm'>> : s.KNorm
    
    * MLP
    = <TLoad <WeightPath e.Base s.Idx 'mlp.gate_proj'>> : s.Gate
    = <TLoad <WeightPath e.Base s.Idx 'mlp.up_proj'>> : s.Up
    = <TLoad <WeightPath e.Base s.Idx 'mlp.down_proj'>> : s.Down
    
    * Return: ((Norms) (AttnWeights) (AttnNorms) (MLP))
    = ((s.InNorm s.PostNorm) 
       (s.WQ s.WK s.WV s.WO) 
       (s.QNorm s.KNorm) 
       (s.Gate s.Up s.Down));
}

WeightPath {
  e.Base s.Idx e.Name
    = <Cat e.Base '/model.layers.' <Symb s.Idx> '.' e.Name '.weight.pt'>;
}

Cat { e.A = e.A; e.A e.B = e.A <Cat e.B>; }
